# Ideas
Update database driver to fix connection pooling issue
